./(dirinf).fm
./.cvsignore
./@@@.lut
./CVS/Entries
./CVS/Repository
./CVS/Root
./CVS/Root.bak
./Makefile
./NOTES
./_bak_ftr.ned/(dirinf).ftr
./_bak_ftr.ned/CVS/Entries
./_bak_ftr.ned/CVS/Repository
./_bak_ftr.ned/CVS/Root
./_bak_ftr.ned/CVS/Root.bak
./_bak_ftr.ned/Makefile.ftr
./_bak_ftr.ned/NOTES.ftr
./_bak_ftr.ned/dab1.ftr
./_bak_ftr.ned/dict0001.ftr
./_bak_ftr.ned/dict0002.ftr
./_bak_ftr.ned/dict0003.ftr
./_bak_ftr.ned/dict0004.ftr
./_bak_ftr.ned/dict0005.ftr
./_bak_ftr.ned/dict0006.ftr
./_bak_ftr.ned/dict0007.ftr
./_bak_ftr.ned/dict0008.ftr
./_bak_ftr.ned/dict0009.ftr
./_bak_ftr.ned/dict0010.ftr
./_bak_ftr.ned/dict0011.ftr
./_bak_ftr.ned/dict0012.ftr
./_bak_ftr.ned/dict0013.ftr
./_bak_ftr.ned/dict0014.ftr
./_bak_ftr.ned/dict0015.ftr
./_bak_ftr.ned/dict0016.ftr
./_bak_ftr.ned/dict0018.ftr
./_bak_ftr.ned/dict0031.ftr
./_bak_ftr.ned/dict0032.ftr
./_bak_ftr.ned/dict0033.ftr
./_bak_ftr.ned/dictadd.ftr
./_bak_ftr.ned/dictadd1.ftr
./_bak_ftr.ned/dictadd2.ftr
./_bak_ftr.ned/dictadd3.ftr
./_bak_ftr.ned/dictadd4.ftr
./_bak_ftr.ned/dictadd6.ftr
./_bak_ftr.ned/dictadd8.ftr
./_bak_ftr.ned/dictadd9.ftr
./_bak_ftr.ned/dictmod.ftr
./_bak_ftr.ned/edited.ftr
./_bak_ftr.ned/grtag.ftr
./_bak_ftr.ned/http4lex.ftr
./_bak_ftr.ned/lex.ftr
./_bak_ftr.ned/lex00001.ftr
./_bak_ftr.ned/lexfile.ftr
./_bak_ftr.ned/lexicon.ftr
./_bak_ftr.ned/lexpr001.ftr
./_bak_ftr.ned/lexproc.ftr
./_bak_ftr.ned/lexut001.ftr
./_bak_ftr.ned/make-dos.ftr
./_bak_ftr.ned/makeshar.ftr
./_bak_ftr.ned/ned.ftr
./_bak_ftr.ned/parse001.ftr
./_bak_ftr.ned/parse002.ftr
./_bak_ftr.ned/parse007.ftr
./_bak_ftr.ned/parse008.ftr
./_bak_ftr.ned/parse014.ftr
./_bak_ftr.ned/parse015.ftr
./_bak_ftr.ned/parse016.ftr
./_bak_ftr.ned/parse017.ftr
./_bak_ftr.ned/parse019.ftr
./_bak_ftr.ned/parse021.ftr
./_bak_ftr.ned/parse022.ftr
./_bak_ftr.ned/possig.ftr
./_bak_ftr.ned/pt.ftr
./_bak_ftr.ned/test1.ftr
./_bak_ftr.ned/test2.ftr
./_bak_ftr.ned/tst1.ftr
./_bak_ftr.ned/tst2.ftr
./_bak_ftr.ned/xx.ftr
./alexicon.hyx
./alexicon.idx
./alexicon.lut
./dict0001.c
./dict0001.o
./dict0002.c
./dict0002.o
./dict0003.c
./dict0003.o
./dict0004.c
./dict0004.o
./dict0005.c
./dict0005.o
./dict0006.c
./dict0006.o
./dict0007.c
./dict0007.o
./dict0008.c
./dict0008.o
./dict0009.c
./dict0009.o
./dict0010.c
./dict0010.o
./dict0011.c
./dict0011.o
./dict0012.c
./dict0012.o
./dict0013.c
./dict0013.o
./dict0014.c
./dict0014.o
./dict0015.c
./dict0015.o
./dict0016.c
./dict0016.o
./dict0018.c
./dict0018.o
./dictadd
./dictadd.c
./dictadd.o
./dictadd1.c
./dictadd1.o
./dictadd2.c
./dictadd2.o
./dictadd3.c
./dictadd3.o
./dictadd4.c
./dictadd4.o
./dictadd6.c
./dictadd6.o
./dictadd8.c
./dictadd8.o
./dictadd9.c
./dictadd9.o
./dictmod
./dictmod.c
./dictmod.o
./grtag.pl
./http4lex.pl
./lex.c
./lex00001.c
./lexpr001.c
./lexpr001.o
./lexproc.h
./lexut001.c
./lexut001.o
./lib
./make-dos
./makeshar.lst
./parsd008.o
./parsd016.o
./parse007.c
./parse007.o
./parse008.c
./parse008.o
./parse014.c
./parse014.o
./parse015.c
./parse016.c
./parse016.o
./parse017.c
./parse017.o
./parse019.c
./parse019.o
./parse021.c
./parse021.o
./parse022.c
./parse022.o
./possig.awk
./pt
./pt.c
./pt.o
./test3a
./test3b
./testdata/CVS/Entries
./testdata/CVS/Repository
./testdata/CVS/Root
./testdata/CVS/Root.bak
./testdata/test1.l
./testdata/test2.l
./testdata/x1.l
./testdata/x2a.l
./testdata/x2b.l
./tst1
./tst1.c
./tst2.c
